// Vitest Snapshot v1, https://vitest.dev/guide/snapshot.html

exports[`should match snapshot 1`] = `
<DocumentFragment>
  <form>
    <label
      for="todo"
    >
      Todo: 
    </label>
    <input
      id="todo"
      name="todo"
      placeholder="todo"
      type="text"
      value=""
    />
    <button>
      Create Todo
    </button>
  </form>
</DocumentFragment>
`;
