// Vitest Snapshot v1, https://vitest.dev/guide/snapshot.html

exports[`should match snapshot 1`] = `
<DocumentFragment>
  <div
    class="Todo-todo"
  >
    <p>
      go swimming
    </p>
    <button
      class="Todo-btn"
    >
      x
    </button>
  </div>
</DocumentFragment>
`;
