// Vitest Snapshot v1, https://vitest.dev/guide/snapshot.html

exports[`Matches the snapshot 1`] = `
<DocumentFragment>
  <div
    class="TodoList-main"
  >
    <div>
      <form>
        <label
          for="todo"
        >
          Todo: 
        </label>
        <input
          id="todo"
          name="todo"
          placeholder="todo"
          type="text"
          value=""
        />
        <button>
          Create Todo
        </button>
      </form>
      <div
        class="TodoList-List"
      >
        <h1>
          Todo List
        </h1>
        <ul />
      </div>
    </div>
  </div>
</DocumentFragment>
`;
